<?xml version="1.0" encoding="utf-8" ?>
<result>
	<row>
		<label>rating</label>
		<nb_uniq_visitors>4</nb_uniq_visitors>
		<nb_visits>4</nb_visits>
		<nb_events>4</nb_events>
		<nb_events_with_value>4</nb_events_with_value>
		<sum_event_value>39.32</sum_event_value>
		<min_event_value>9.66</min_event_value>
		<max_event_value>10</max_event_value>
		<avg_event_value>9.83</avg_event_value>
		<segment>eventAction==rating</segment>
		<subtable>
			<row>
				<label>La fiancée de l'eau</label>
				<nb_uniq_visitors>2</nb_uniq_visitors>
				<nb_visits>2</nb_visits>
				<nb_events>2</nb_events>
				<nb_events_with_value>2</nb_events_with_value>
				<sum_event_value>20</sum_event_value>
				<min_event_value>10</min_event_value>
				<max_event_value>10</max_event_value>
				<avg_event_value>10</avg_event_value>
			</row>
			<row>
				<label>Spirited Away (千と千尋の神隠し)</label>
				<nb_uniq_visitors>2</nb_uniq_visitors>
				<nb_visits>2</nb_visits>
				<nb_events>2</nb_events>
				<nb_events_with_value>2</nb_events_with_value>
				<sum_event_value>19.32</sum_event_value>
				<min_event_value>9.66</min_event_value>
				<max_event_value>9.66</max_event_value>
				<avg_event_value>9.66</avg_event_value>
			</row>
		</subtable>
	</row>
</result>